// Jest Snapshot v1, https://goo.gl/fbAQLP

exports[`snapshot 1`] = `
{
  "Outputs": {
    "AgaApiEndpoint9E49FDBE": {
      "Value": {
        "Fn::Join": [
          "",
          [
            "https://",
            {
              "Ref": "AgaApiECA55998",
            },
            ".execute-api.us-east-1.",
            {
              "Ref": "AWS::URLSuffix",
            },
            "/",
            {
              "Ref": "AgaApiDeploymentStageprod23DBF67F",
            },
            "/",
          ],
        ],
      },
    },
    "AmiId": {
      "Value": {
        "Ref": "SsmParameterValueawsserviceamiamazonlinuxlatestal2023amikernel61arm64C96584B6F00A464EAD1953AFF4B05118Parameter",
      },
    },
    "ApiUrl": {
      "Value": {
        "Fn::Join": [
          "",
          [
            "https://",
            {
              "Ref": "AgaApiECA55998",
            },
            ".execute-api.us-east-1.",
            {
              "Ref": "AWS::URLSuffix",
            },
            "/",
            {
              "Ref": "AgaApiDeploymentStageprod23DBF67F",
            },
            "/",
          ],
        ],
      },
    },
    "BucketName": {
      "Value": {
        "Ref": "AgaBucket04B409DE",
      },
    },
    "CognitoDomain": {
      "Value": {
        "Fn::Join": [
          "",
          [
            {
              "Ref": "FlockUserPoolFlockDomainE001FB0B",
            },
            ".auth.us-east-1.amazoncognito.com",
          ],
        ],
      },
    },
    "InstanceProfileArn": {
      "Value": {
        "Fn::GetAtt": [
          "AgentInstanceProfile",
          "Arn",
        ],
      },
    },
    "SecurityGroupId": {
      "Value": {
        "Fn::GetAtt": [
          "AgentSgFB5F95F0",
          "GroupId",
        ],
      },
    },
    "SubnetId": {
      "Value": {
        "Ref": "AgaVpcpublicSubnet1Subnet1BA48B9A",
      },
    },
    "UserPoolClientId": {
      "Value": {
        "Ref": "FlockUserPoolFlockDashboardClient6C0C5EA4",
      },
    },
    "UserPoolId": {
      "Value": {
        "Ref": "FlockUserPool4E9292FD",
      },
    },
    "WafIpSetId": {
      "Description": "WAF IP set ID — pass to scripts/update-ip.sh",
      "Value": {
        "Fn::GetAtt": [
          "AllowedIps",
          "Id",
        ],
      },
    },
    "WafIpSetName": {
      "Value": "aga-allowed-ips",
    },
  },
  "Parameters": {
    "BootstrapVersion": {
      "Default": "/cdk-bootstrap/hnb659fds/version",
      "Description": "Version of the CDK Bootstrap resources in this environment, automatically retrieved from SSM Parameter Store. [cdk:skip]",
      "Type": "AWS::SSM::Parameter::Value<String>",
    },
    "SsmParameterValueawsserviceamiamazonlinuxlatestal2023amikernel61arm64C96584B6F00A464EAD1953AFF4B05118Parameter": {
      "Default": "/aws/service/ami-amazon-linux-latest/al2023-ami-kernel-6.1-arm64",
      "Type": "AWS::SSM::Parameter::Value<AWS::EC2::Image::Id>",
    },
  },
  "Resources": {
    "AgaAccessLogsBucket81C90002": {
      "DeletionPolicy": "Delete",
      "Properties": {
        "AccessControl": "LogDeliveryWrite",
        "BucketEncryption": {
          "ServerSideEncryptionConfiguration": [
            {
              "ServerSideEncryptionByDefault": {
                "SSEAlgorithm": "AES256",
              },
            },
          ],
        },
        "OwnershipControls": {
          "Rules": [
            {
              "ObjectOwnership": "ObjectWriter",
            },
          ],
        },
        "PublicAccessBlockConfiguration": {
          "BlockPublicAcls": true,
          "BlockPublicPolicy": true,
          "IgnorePublicAcls": true,
          "RestrictPublicBuckets": true,
        },
        "Tags": [
          {
            "Key": "aws-cdk:auto-delete-objects",
            "Value": "true",
          },
        ],
      },
      "Type": "AWS::S3::Bucket",
      "UpdateReplacePolicy": "Delete",
    },
    "AgaAccessLogsBucketAutoDeleteObjectsCustomResource813AFB46": {
      "DeletionPolicy": "Delete",
      "DependsOn": [
        "AgaAccessLogsBucketPolicyB940ACF4",
      ],
      "Properties": {
        "BucketName": {
          "Ref": "AgaAccessLogsBucket81C90002",
        },
        "ServiceToken": {
          "Fn::GetAtt": [
            "CustomS3AutoDeleteObjectsCustomResourceProviderHandler9D90184F",
            "Arn",
          ],
        },
      },
      "Type": "Custom::S3AutoDeleteObjects",
      "UpdateReplacePolicy": "Delete",
    },
    "AgaAccessLogsBucketPolicyB940ACF4": {
      "Properties": {
        "Bucket": {
          "Ref": "AgaAccessLogsBucket81C90002",
        },
        "PolicyDocument": {
          "Statement": [
            {
              "Action": "s3:*",
              "Condition": {
                "Bool": {
                  "aws:SecureTransport": "false",
                },
              },
              "Effect": "Deny",
              "Principal": {
                "AWS": "*",
              },
              "Resource": [
                {
                  "Fn::GetAtt": [
                    "AgaAccessLogsBucket81C90002",
                    "Arn",
                  ],
                },
                {
                  "Fn::Join": [
                    "",
                    [
                      {
                        "Fn::GetAtt": [
                          "AgaAccessLogsBucket81C90002",
                          "Arn",
                        ],
                      },
                      "/*",
                    ],
                  ],
                },
              ],
            },
            {
              "Action": [
                "s3:PutBucketPolicy",
                "s3:GetBucket*",
                "s3:List*",
                "s3:DeleteObject*",
              ],
              "Effect": "Allow",
              "Principal": {
                "AWS": {
                  "Fn::GetAtt": [
                    "CustomS3AutoDeleteObjectsCustomResourceProviderRole3B1BD092",
                    "Arn",
                  ],
                },
              },
              "Resource": [
                {
                  "Fn::GetAtt": [
                    "AgaAccessLogsBucket81C90002",
                    "Arn",
                  ],
                },
                {
                  "Fn::Join": [
                    "",
                    [
                      {
                        "Fn::GetAtt": [
                          "AgaAccessLogsBucket81C90002",
                          "Arn",
                        ],
                      },
                      "/*",
                    ],
                  ],
                },
              ],
            },
          ],
          "Version": "2012-10-17",
        },
      },
      "Type": "AWS::S3::BucketPolicy",
    },
    "AgaApiAccount831C5DC3": {
      "DeletionPolicy": "Retain",
      "DependsOn": [
        "AgaApiECA55998",
      ],
      "Properties": {
        "CloudWatchRoleArn": {
          "Fn::GetAtt": [
            "AgaApiCloudWatchRole5C30C506",
            "Arn",
          ],
        },
      },
      "Type": "AWS::ApiGateway::Account",
      "UpdateReplacePolicy": "Retain",
    },
    "AgaApiCloudWatchRole5C30C506": {
      "DeletionPolicy": "Retain",
      "Properties": {
        "AssumeRolePolicyDocument": {
          "Statement": [
            {
              "Action": "sts:AssumeRole",
              "Effect": "Allow",
              "Principal": {
                "Service": "apigateway.amazonaws.com",
              },
            },
          ],
          "Version": "2012-10-17",
        },
        "ManagedPolicyArns": [
          {
            "Fn::Join": [
              "",
              [
                "arn:",
                {
                  "Ref": "AWS::Partition",
                },
                ":iam::aws:policy/service-role/AmazonAPIGatewayPushToCloudWatchLogs",
              ],
            ],
          },
        ],
      },
      "Type": "AWS::IAM::Role",
      "UpdateReplacePolicy": "Retain",
    },
    "AgaApiDeploymentD4ABBC806539b8de82cfc74a94bc7889a03a5b5b": {
      "DependsOn": [
        "AgaApiproxyGETC240B30D",
        "AgaApiproxy63DE697F",
        "AgaApiclusterproxyANY1151CF69",
        "AgaApiclusterproxy0AE90DB1",
        "AgaApiclusterCB6760C7",
        "AgaApiGETDB1B8AC9",
      ],
      "Metadata": {
        "aws:cdk:do-not-refactor": true,
      },
      "Properties": {
        "Description": "Automatically created by the RestApi construct",
        "RestApiId": {
          "Ref": "AgaApiECA55998",
        },
      },
      "Type": "AWS::ApiGateway::Deployment",
    },
    "AgaApiDeploymentStageprod23DBF67F": {
      "DependsOn": [
        "AgaApiAccount831C5DC3",
      ],
      "Properties": {
        "DeploymentId": {
          "Ref": "AgaApiDeploymentD4ABBC806539b8de82cfc74a94bc7889a03a5b5b",
        },
        "RestApiId": {
          "Ref": "AgaApiECA55998",
        },
        "StageName": "prod",
      },
      "Type": "AWS::ApiGateway::Stage",
    },
    "AgaApiECA55998": {
      "Properties": {
        "BinaryMediaTypes": [
          "*/*",
        ],
        "Name": "aga-api",
      },
      "Type": "AWS::ApiGateway::RestApi",
    },
    "AgaApiGETDB1B8AC9": {
      "Properties": {
        "AuthorizationType": "NONE",
        "HttpMethod": "GET",
        "Integration": {
          "Credentials": {
            "Fn::GetAtt": [
              "ApiS3Role1B5CB5E1",
              "Arn",
            ],
          },
          "IntegrationHttpMethod": "GET",
          "IntegrationResponses": [
            {
              "ResponseParameters": {
                "method.response.header.Content-Type": "integration.response.header.Content-Type",
              },
              "StatusCode": "200",
            },
          ],
          "Type": "AWS",
          "Uri": {
            "Fn::Join": [
              "",
              [
                "arn:",
                {
                  "Ref": "AWS::Partition",
                },
                ":apigateway:us-east-1:s3:path/",
                {
                  "Ref": "AgaBucket04B409DE",
                },
                "/web/index.html",
              ],
            ],
          },
        },
        "MethodResponses": [
          {
            "ResponseParameters": {
              "method.response.header.Content-Type": true,
            },
            "StatusCode": "200",
          },
        ],
        "ResourceId": {
          "Fn::GetAtt": [
            "AgaApiECA55998",
            "RootResourceId",
          ],
        },
        "RestApiId": {
          "Ref": "AgaApiECA55998",
        },
      },
      "Type": "AWS::ApiGateway::Method",
    },
    "AgaApiclusterCB6760C7": {
      "Properties": {
        "ParentId": {
          "Fn::GetAtt": [
            "AgaApiECA55998",
            "RootResourceId",
          ],
        },
        "PathPart": "cluster",
        "RestApiId": {
          "Ref": "AgaApiECA55998",
        },
      },
      "Type": "AWS::ApiGateway::Resource",
    },
    "AgaApiclusterproxy0AE90DB1": {
      "Properties": {
        "ParentId": {
          "Ref": "AgaApiclusterCB6760C7",
        },
        "PathPart": "{proxy+}",
        "RestApiId": {
          "Ref": "AgaApiECA55998",
        },
      },
      "Type": "AWS::ApiGateway::Resource",
    },
    "AgaApiclusterproxyANY1151CF69": {
      "Properties": {
        "AuthorizationType": "COGNITO_USER_POOLS",
        "AuthorizerId": {
          "Ref": "FlockAuthorizerF81E6495",
        },
        "HttpMethod": "ANY",
        "Integration": {
          "IntegrationHttpMethod": "POST",
          "Type": "AWS_PROXY",
          "Uri": {
            "Fn::Join": [
              "",
              [
                "arn:",
                {
                  "Ref": "AWS::Partition",
                },
                ":apigateway:us-east-1:lambda:path/2015-03-31/functions/",
                {
                  "Fn::GetAtt": [
                    "IncubatorFnFAAFDF21",
                    "Arn",
                  ],
                },
                "/invocations",
              ],
            ],
          },
        },
        "RequestParameters": {
          "method.request.path.proxy": true,
        },
        "ResourceId": {
          "Ref": "AgaApiclusterproxy0AE90DB1",
        },
        "RestApiId": {
          "Ref": "AgaApiECA55998",
        },
      },
      "Type": "AWS::ApiGateway::Method",
    },
    "AgaApiclusterproxyANYApiPermissionTestStackAgaApi64534B76ANYclusterproxy2159C2E8": {
      "Properties": {
        "Action": "lambda:InvokeFunction",
        "FunctionName": {
          "Fn::GetAtt": [
            "IncubatorFnFAAFDF21",
            "Arn",
          ],
        },
        "Principal": "apigateway.amazonaws.com",
        "SourceArn": {
          "Fn::Join": [
            "",
            [
              "arn:",
              {
                "Ref": "AWS::Partition",
              },
              ":execute-api:us-east-1:123456789012:",
              {
                "Ref": "AgaApiECA55998",
              },
              "/",
              {
                "Ref": "AgaApiDeploymentStageprod23DBF67F",
              },
              "/*/cluster/*",
            ],
          ],
        },
      },
      "Type": "AWS::Lambda::Permission",
    },
    "AgaApiclusterproxyANYApiPermissionTestTestStackAgaApi64534B76ANYclusterproxy128C62D4": {
      "Properties": {
        "Action": "lambda:InvokeFunction",
        "FunctionName": {
          "Fn::GetAtt": [
            "IncubatorFnFAAFDF21",
            "Arn",
          ],
        },
        "Principal": "apigateway.amazonaws.com",
        "SourceArn": {
          "Fn::Join": [
            "",
            [
              "arn:",
              {
                "Ref": "AWS::Partition",
              },
              ":execute-api:us-east-1:123456789012:",
              {
                "Ref": "AgaApiECA55998",
              },
              "/test-invoke-stage/*/cluster/*",
            ],
          ],
        },
      },
      "Type": "AWS::Lambda::Permission",
    },
    "AgaApiproxy63DE697F": {
      "Properties": {
        "ParentId": {
          "Fn::GetAtt": [
            "AgaApiECA55998",
            "RootResourceId",
          ],
        },
        "PathPart": "{proxy+}",
        "RestApiId": {
          "Ref": "AgaApiECA55998",
        },
      },
      "Type": "AWS::ApiGateway::Resource",
    },
    "AgaApiproxyGETC240B30D": {
      "Properties": {
        "AuthorizationType": "NONE",
        "HttpMethod": "GET",
        "Integration": {
          "Credentials": {
            "Fn::GetAtt": [
              "ApiS3Role1B5CB5E1",
              "Arn",
            ],
          },
          "IntegrationHttpMethod": "GET",
          "IntegrationResponses": [
            {
              "ResponseParameters": {
                "method.response.header.Content-Type": "integration.response.header.Content-Type",
              },
              "StatusCode": "200",
            },
          ],
          "RequestParameters": {
            "integration.request.path.proxy": "method.request.path.proxy",
          },
          "Type": "AWS",
          "Uri": {
            "Fn::Join": [
              "",
              [
                "arn:",
                {
                  "Ref": "AWS::Partition",
                },
                ":apigateway:us-east-1:s3:path/",
                {
                  "Ref": "AgaBucket04B409DE",
                },
                "/web/{proxy}",
              ],
            ],
          },
        },
        "MethodResponses": [
          {
            "ResponseParameters": {
              "method.response.header.Content-Type": true,
            },
            "StatusCode": "200",
          },
        ],
        "RequestParameters": {
          "method.request.path.proxy": true,
        },
        "ResourceId": {
          "Ref": "AgaApiproxy63DE697F",
        },
        "RestApiId": {
          "Ref": "AgaApiECA55998",
        },
      },
      "Type": "AWS::ApiGateway::Method",
    },
    "AgaBucket04B409DE": {
      "DeletionPolicy": "Delete",
      "Properties": {
        "BucketEncryption": {
          "ServerSideEncryptionConfiguration": [
            {
              "ServerSideEncryptionByDefault": {
                "SSEAlgorithm": "AES256",
              },
            },
          ],
        },
        "LoggingConfiguration": {
          "DestinationBucketName": {
            "Ref": "AgaAccessLogsBucket81C90002",
          },
          "LogFilePrefix": "access-logs/",
        },
        "PublicAccessBlockConfiguration": {
          "BlockPublicAcls": true,
          "BlockPublicPolicy": true,
          "IgnorePublicAcls": true,
          "RestrictPublicBuckets": true,
        },
        "Tags": [
          {
            "Key": "aws-cdk:auto-delete-objects",
            "Value": "true",
          },
          {
            "Key": "aws-cdk:cr-owned:15746581",
            "Value": "true",
          },
          {
            "Key": "aws-cdk:cr-owned:agent:40bbe561",
            "Value": "true",
          },
          {
            "Key": "aws-cdk:cr-owned:web:6222f88a",
            "Value": "true",
          },
        ],
      },
      "Type": "AWS::S3::Bucket",
      "UpdateReplacePolicy": "Delete",
    },
    "AgaBucketAutoDeleteObjectsCustomResource82E18257": {
      "DeletionPolicy": "Delete",
      "DependsOn": [
        "AgaBucketPolicyB162C833",
      ],
      "Properties": {
        "BucketName": {
          "Ref": "AgaBucket04B409DE",
        },
        "ServiceToken": {
          "Fn::GetAtt": [
            "CustomS3AutoDeleteObjectsCustomResourceProviderHandler9D90184F",
            "Arn",
          ],
        },
      },
      "Type": "Custom::S3AutoDeleteObjects",
      "UpdateReplacePolicy": "Delete",
    },
    "AgaBucketPolicyB162C833": {
      "Properties": {
        "Bucket": {
          "Ref": "AgaBucket04B409DE",
        },
        "PolicyDocument": {
          "Statement": [
            {
              "Action": "s3:*",
              "Condition": {
                "Bool": {
                  "aws:SecureTransport": "false",
                },
              },
              "Effect": "Deny",
              "Principal": {
                "AWS": "*",
              },
              "Resource": [
                {
                  "Fn::GetAtt": [
                    "AgaBucket04B409DE",
                    "Arn",
                  ],
                },
                {
                  "Fn::Join": [
                    "",
                    [
                      {
                        "Fn::GetAtt": [
                          "AgaBucket04B409DE",
                          "Arn",
                        ],
                      },
                      "/*",
                    ],
                  ],
                },
              ],
            },
            {
              "Action": [
                "s3:PutBucketPolicy",
                "s3:GetBucket*",
                "s3:List*",
                "s3:DeleteObject*",
              ],
              "Effect": "Allow",
              "Principal": {
                "AWS": {
                  "Fn::GetAtt": [
                    "CustomS3AutoDeleteObjectsCustomResourceProviderRole3B1BD092",
                    "Arn",
                  ],
                },
              },
              "Resource": [
                {
                  "Fn::GetAtt": [
                    "AgaBucket04B409DE",
                    "Arn",
                  ],
                },
                {
                  "Fn::Join": [
                    "",
                    [
                      {
                        "Fn::GetAtt": [
                          "AgaBucket04B409DE",
                          "Arn",
                        ],
                      },
                      "/*",
                    ],
                  ],
                },
              ],
            },
          ],
          "Version": "2012-10-17",
        },
      },
      "Type": "AWS::S3::BucketPolicy",
    },
    "AgaVpc4F9794DB": {
      "Properties": {
        "CidrBlock": "10.0.0.0/16",
        "EnableDnsHostnames": true,
        "EnableDnsSupport": true,
        "InstanceTenancy": "default",
        "Tags": [
          {
            "Key": "Name",
            "Value": "TestStack/AgaVpc",
          },
        ],
      },
      "Type": "AWS::EC2::VPC",
    },
    "AgaVpcIGW06014AEB": {
      "Properties": {
        "Tags": [
          {
            "Key": "Name",
            "Value": "TestStack/AgaVpc",
          },
        ],
      },
      "Type": "AWS::EC2::InternetGateway",
    },
    "AgaVpcVPCGWE417A6CB": {
      "Properties": {
        "InternetGatewayId": {
          "Ref": "AgaVpcIGW06014AEB",
        },
        "VpcId": {
          "Ref": "AgaVpc4F9794DB",
        },
      },
      "Type": "AWS::EC2::VPCGatewayAttachment",
    },
    "AgaVpcpublicSubnet1DefaultRouteE10046FB": {
      "DependsOn": [
        "AgaVpcVPCGWE417A6CB",
      ],
      "Properties": {
        "DestinationCidrBlock": "0.0.0.0/0",
        "GatewayId": {
          "Ref": "AgaVpcIGW06014AEB",
        },
        "RouteTableId": {
          "Ref": "AgaVpcpublicSubnet1RouteTableCE26E719",
        },
      },
      "Type": "AWS::EC2::Route",
    },
    "AgaVpcpublicSubnet1RouteTableAssociation18771C23": {
      "Properties": {
        "RouteTableId": {
          "Ref": "AgaVpcpublicSubnet1RouteTableCE26E719",
        },
        "SubnetId": {
          "Ref": "AgaVpcpublicSubnet1Subnet1BA48B9A",
        },
      },
      "Type": "AWS::EC2::SubnetRouteTableAssociation",
    },
    "AgaVpcpublicSubnet1RouteTableCE26E719": {
      "Properties": {
        "Tags": [
          {
            "Key": "Name",
            "Value": "TestStack/AgaVpc/publicSubnet1",
          },
        ],
        "VpcId": {
          "Ref": "AgaVpc4F9794DB",
        },
      },
      "Type": "AWS::EC2::RouteTable",
    },
    "AgaVpcpublicSubnet1Subnet1BA48B9A": {
      "Properties": {
        "AvailabilityZone": "dummy1a",
        "CidrBlock": "10.0.0.0/24",
        "MapPublicIpOnLaunch": true,
        "Tags": [
          {
            "Key": "aws-cdk:subnet-name",
            "Value": "public",
          },
          {
            "Key": "aws-cdk:subnet-type",
            "Value": "Public",
          },
          {
            "Key": "Name",
            "Value": "TestStack/AgaVpc/publicSubnet1",
          },
        ],
        "VpcId": {
          "Ref": "AgaVpc4F9794DB",
        },
      },
      "Type": "AWS::EC2::Subnet",
    },
    "AgentBundleAwsCliLayer493E00F9": {
      "Properties": {
        "Content": {
          "S3Bucket": "cdk-hnb659fds-assets-123456789012-us-east-1",
          "S3Key": "e2659170a0721541efa761a8d5d04d5e36cbbf691c4b15a9053002b7c825055d.zip",
        },
        "Description": "/opt/awscli/aws",
      },
      "Type": "AWS::Lambda::LayerVersion",
    },
    "AgentBundleCustomResource690F1678": {
      "DeletionPolicy": "Delete",
      "Properties": {
        "DestinationBucketKeyPrefix": "agent",
        "DestinationBucketName": {
          "Ref": "AgaBucket04B409DE",
        },
        "OutputObjectKeys": true,
        "Prune": false,
        "ServiceToken": {
          "Fn::GetAtt": [
            "CustomCDKBucketDeployment8693BB64968944B69AAFB0CC9EB8756C81C01536",
            "Arn",
          ],
        },
        "SourceBucketNames": [
          "cdk-hnb659fds-assets-123456789012-us-east-1",
        ],
        "SourceObjectKeys": [
          "fa266c23d9015f70d18d9800bc4f0d651ea12378f97eb0c79ff09c4f558ab731.zip",
        ],
        "WaitForDistributionInvalidation": true,
      },
      "Type": "Custom::CDKBucketDeployment",
      "UpdateReplacePolicy": "Delete",
    },
    "AgentInstanceProfile": {
      "Properties": {
        "Roles": [
          {
            "Ref": "AgentRoleF4A42D6B",
          },
        ],
      },
      "Type": "AWS::IAM::InstanceProfile",
    },
    "AgentRoleDefaultPolicy1027F5D2": {
      "Properties": {
        "PolicyDocument": {
          "Statement": [
            {
              "Action": "s3:GetObject",
              "Effect": "Allow",
              "Resource": [
                {
                  "Fn::Join": [
                    "",
                    [
                      {
                        "Fn::GetAtt": [
                          "AgaBucket04B409DE",
                          "Arn",
                        ],
                      },
                      "/agent/*",
                    ],
                  ],
                },
                {
                  "Fn::Join": [
                    "",
                    [
                      {
                        "Fn::GetAtt": [
                          "AgaBucket04B409DE",
                          "Arn",
                        ],
                      },
                      "/store/*",
                    ],
                  ],
                },
                {
                  "Fn::Join": [
                    "",
                    [
                      {
                        "Fn::GetAtt": [
                          "AgaBucket04B409DE",
                          "Arn",
                        ],
                      },
                      "/output/*",
                    ],
                  ],
                },
                {
                  "Fn::Join": [
                    "",
                    [
                      {
                        "Fn::GetAtt": [
                          "AgaBucket04B409DE",
                          "Arn",
                        ],
                      },
                      "/knowledge-base/*",
                    ],
                  ],
                },
                {
                  "Fn::Join": [
                    "",
                    [
                      {
                        "Fn::GetAtt": [
                          "AgaBucket04B409DE",
                          "Arn",
                        ],
                      },
                      "/config.json",
                    ],
                  ],
                },
                {
                  "Fn::Join": [
                    "",
                    [
                      {
                        "Fn::GetAtt": [
                          "AgaBucket04B409DE",
                          "Arn",
                        ],
                      },
                      "/direction.md",
                    ],
                  ],
                },
              ],
            },
            {
              "Action": "s3:PutObject",
              "Effect": "Allow",
              "Resource": [
                {
                  "Fn::Join": [
                    "",
                    [
                      {
                        "Fn::GetAtt": [
                          "AgaBucket04B409DE",
                          "Arn",
                        ],
                      },
                      "/store/*",
                    ],
                  ],
                },
                {
                  "Fn::Join": [
                    "",
                    [
                      {
                        "Fn::GetAtt": [
                          "AgaBucket04B409DE",
                          "Arn",
                        ],
                      },
                      "/output/*",
                    ],
                  ],
                },
                {
                  "Fn::Join": [
                    "",
                    [
                      {
                        "Fn::GetAtt": [
                          "AgaBucket04B409DE",
                          "Arn",
                        ],
                      },
                      "/knowledge-base/*",
                    ],
                  ],
                },
              ],
            },
            {
              "Action": "s3:ListBucket",
              "Condition": {
                "StringLike": {
                  "s3:prefix": [
                    "agent/*",
                    "store/*",
                    "output/*",
                    "knowledge-base/*",
                  ],
                },
              },
              "Effect": "Allow",
              "Resource": {
                "Fn::GetAtt": [
                  "AgaBucket04B409DE",
                  "Arn",
                ],
              },
            },
            {
              "Action": [
                "s3:PutObject",
                "s3:DeleteObject",
              ],
              "Effect": "Deny",
              "Resource": [
                {
                  "Fn::Join": [
                    "",
                    [
                      {
                        "Fn::GetAtt": [
                          "AgaBucket04B409DE",
                          "Arn",
                        ],
                      },
                      "/web/*",
                    ],
                  ],
                },
                {
                  "Fn::Join": [
                    "",
                    [
                      {
                        "Fn::GetAtt": [
                          "AgaBucket04B409DE",
                          "Arn",
                        ],
                      },
                      "/agent/*",
                    ],
                  ],
                },
                {
                  "Fn::Join": [
                    "",
                    [
                      {
                        "Fn::GetAtt": [
                          "AgaBucket04B409DE",
                          "Arn",
                        ],
                      },
                      "/history/*",
                    ],
                  ],
                },
                {
                  "Fn::Join": [
                    "",
                    [
                      {
                        "Fn::GetAtt": [
                          "AgaBucket04B409DE",
                          "Arn",
                        ],
                      },
                      "/config.json",
                    ],
                  ],
                },
                {
                  "Fn::Join": [
                    "",
                    [
                      {
                        "Fn::GetAtt": [
                          "AgaBucket04B409DE",
                          "Arn",
                        ],
                      },
                      "/direction.md",
                    ],
                  ],
                },
              ],
            },
            {
              "Action": "cloudwatch:PutMetricData",
              "Effect": "Allow",
              "Resource": "*",
            },
            {
              "Action": "ssm:GetParameter",
              "Effect": "Allow",
              "Resource": "arn:aws:ssm:*:123456789012:parameter/aga/kiro-api-key",
            },
          ],
          "Version": "2012-10-17",
        },
        "PolicyName": "AgentRoleDefaultPolicy1027F5D2",
        "Roles": [
          {
            "Ref": "AgentRoleF4A42D6B",
          },
        ],
      },
      "Type": "AWS::IAM::Policy",
    },
    "AgentRoleF4A42D6B": {
      "Properties": {
        "AssumeRolePolicyDocument": {
          "Statement": [
            {
              "Action": "sts:AssumeRole",
              "Effect": "Allow",
              "Principal": {
                "Service": "ec2.amazonaws.com",
              },
            },
          ],
          "Version": "2012-10-17",
        },
        "ManagedPolicyArns": [
          {
            "Fn::Join": [
              "",
              [
                "arn:",
                {
                  "Ref": "AWS::Partition",
                },
                ":iam::aws:policy/AmazonSSMManagedInstanceCore",
              ],
            ],
          },
        ],
      },
      "Type": "AWS::IAM::Role",
    },
    "AgentSgFB5F95F0": {
      "Properties": {
        "GroupDescription": "AGA agent instances - outbound only",
        "SecurityGroupEgress": [
          {
            "CidrIp": "0.0.0.0/0",
            "Description": "Allow all outbound traffic by default",
            "IpProtocol": "-1",
          },
        ],
        "VpcId": {
          "Ref": "AgaVpc4F9794DB",
        },
      },
      "Type": "AWS::EC2::SecurityGroup",
    },
    "AllowedIps": {
      "Properties": {
        "Addresses": [],
        "IPAddressVersion": "IPV4",
        "Name": "aga-allowed-ips",
        "Scope": "REGIONAL",
      },
      "Type": "AWS::WAFv2::IPSet",
    },
    "ApiS3Role1B5CB5E1": {
      "Properties": {
        "AssumeRolePolicyDocument": {
          "Statement": [
            {
              "Action": "sts:AssumeRole",
              "Effect": "Allow",
              "Principal": {
                "Service": "apigateway.amazonaws.com",
              },
            },
          ],
          "Version": "2012-10-17",
        },
      },
      "Type": "AWS::IAM::Role",
    },
    "ApiS3RoleDefaultPolicyF3EB1AA3": {
      "Properties": {
        "PolicyDocument": {
          "Statement": [
            {
              "Action": [
                "s3:GetObject*",
                "s3:GetBucket*",
                "s3:List*",
              ],
              "Effect": "Allow",
              "Resource": [
                {
                  "Fn::GetAtt": [
                    "AgaBucket04B409DE",
                    "Arn",
                  ],
                },
                {
                  "Fn::Join": [
                    "",
                    [
                      {
                        "Fn::GetAtt": [
                          "AgaBucket04B409DE",
                          "Arn",
                        ],
                      },
                      "/*",
                    ],
                  ],
                },
              ],
            },
          ],
          "Version": "2012-10-17",
        },
        "PolicyName": "ApiS3RoleDefaultPolicyF3EB1AA3",
        "Roles": [
          {
            "Ref": "ApiS3Role1B5CB5E1",
          },
        ],
      },
      "Type": "AWS::IAM::Policy",
    },
    "CustomCDKBucketDeployment8693BB64968944B69AAFB0CC9EB8756C81C01536": {
      "DependsOn": [
        "CustomCDKBucketDeployment8693BB64968944B69AAFB0CC9EB8756CServiceRoleDefaultPolicy88902FDF",
        "CustomCDKBucketDeployment8693BB64968944B69AAFB0CC9EB8756CServiceRole89A01265",
      ],
      "Properties": {
        "Code": {
          "S3Bucket": "cdk-hnb659fds-assets-123456789012-us-east-1",
          "S3Key": "3423a042b818e31c1e34a19d6689ab2e5f9b70fcbe9e71df66f241b20a200bd9.zip",
        },
        "Environment": {
          "Variables": {
            "AWS_CA_BUNDLE": "/etc/pki/ca-trust/extracted/pem/tls-ca-bundle.pem",
          },
        },
        "Handler": "index.handler",
        "Layers": [
          {
            "Ref": "WebAssetsAwsCliLayer03AEC64C",
          },
        ],
        "Role": {
          "Fn::GetAtt": [
            "CustomCDKBucketDeployment8693BB64968944B69AAFB0CC9EB8756CServiceRole89A01265",
            "Arn",
          ],
        },
        "Runtime": "python3.13",
        "Timeout": 900,
      },
      "Type": "AWS::Lambda::Function",
    },
    "CustomCDKBucketDeployment8693BB64968944B69AAFB0CC9EB8756CServiceRole89A01265": {
      "Properties": {
        "AssumeRolePolicyDocument": {
          "Statement": [
            {
              "Action": "sts:AssumeRole",
              "Effect": "Allow",
              "Principal": {
                "Service": "lambda.amazonaws.com",
              },
            },
          ],
          "Version": "2012-10-17",
        },
        "ManagedPolicyArns": [
          {
            "Fn::Join": [
              "",
              [
                "arn:",
                {
                  "Ref": "AWS::Partition",
                },
                ":iam::aws:policy/service-role/AWSLambdaBasicExecutionRole",
              ],
            ],
          },
        ],
      },
      "Type": "AWS::IAM::Role",
    },
    "CustomCDKBucketDeployment8693BB64968944B69AAFB0CC9EB8756CServiceRoleDefaultPolicy88902FDF": {
      "Properties": {
        "PolicyDocument": {
          "Statement": [
            {
              "Action": [
                "s3:GetObject*",
                "s3:GetBucket*",
                "s3:List*",
              ],
              "Effect": "Allow",
              "Resource": [
                {
                  "Fn::Join": [
                    "",
                    [
                      "arn:",
                      {
                        "Ref": "AWS::Partition",
                      },
                      ":s3:::cdk-hnb659fds-assets-123456789012-us-east-1",
                    ],
                  ],
                },
                {
                  "Fn::Join": [
                    "",
                    [
                      "arn:",
                      {
                        "Ref": "AWS::Partition",
                      },
                      ":s3:::cdk-hnb659fds-assets-123456789012-us-east-1/*",
                    ],
                  ],
                },
              ],
            },
            {
              "Action": [
                "s3:GetObject*",
                "s3:GetBucket*",
                "s3:List*",
                "s3:DeleteObject*",
                "s3:PutObject",
                "s3:PutObjectLegalHold",
                "s3:PutObjectRetention",
                "s3:PutObjectTagging",
                "s3:PutObjectVersionTagging",
                "s3:Abort*",
              ],
              "Effect": "Allow",
              "Resource": [
                {
                  "Fn::GetAtt": [
                    "AgaBucket04B409DE",
                    "Arn",
                  ],
                },
                {
                  "Fn::Join": [
                    "",
                    [
                      {
                        "Fn::GetAtt": [
                          "AgaBucket04B409DE",
                          "Arn",
                        ],
                      },
                      "/*",
                    ],
                  ],
                },
              ],
            },
          ],
          "Version": "2012-10-17",
        },
        "PolicyName": "CustomCDKBucketDeployment8693BB64968944B69AAFB0CC9EB8756CServiceRoleDefaultPolicy88902FDF",
        "Roles": [
          {
            "Ref": "CustomCDKBucketDeployment8693BB64968944B69AAFB0CC9EB8756CServiceRole89A01265",
          },
        ],
      },
      "Type": "AWS::IAM::Policy",
    },
    "CustomS3AutoDeleteObjectsCustomResourceProviderHandler9D90184F": {
      "DependsOn": [
        "CustomS3AutoDeleteObjectsCustomResourceProviderRole3B1BD092",
      ],
      "Properties": {
        "Code": {
          "S3Bucket": "cdk-hnb659fds-assets-123456789012-us-east-1",
          "S3Key": "faa95a81ae7d7373f3e1f242268f904eb748d8d0fdd306e8a6fe515a1905a7d6.zip",
        },
        "Description": {
          "Fn::Join": [
            "",
            [
              "Lambda function for auto-deleting objects in ",
              {
                "Ref": "AgaAccessLogsBucket81C90002",
              },
              " S3 bucket.",
            ],
          ],
        },
        "Handler": "index.handler",
        "MemorySize": 128,
        "Role": {
          "Fn::GetAtt": [
            "CustomS3AutoDeleteObjectsCustomResourceProviderRole3B1BD092",
            "Arn",
          ],
        },
        "Runtime": "nodejs22.x",
        "Timeout": 900,
      },
      "Type": "AWS::Lambda::Function",
    },
    "CustomS3AutoDeleteObjectsCustomResourceProviderRole3B1BD092": {
      "Properties": {
        "AssumeRolePolicyDocument": {
          "Statement": [
            {
              "Action": "sts:AssumeRole",
              "Effect": "Allow",
              "Principal": {
                "Service": "lambda.amazonaws.com",
              },
            },
          ],
          "Version": "2012-10-17",
        },
        "ManagedPolicyArns": [
          {
            "Fn::Sub": "arn:\${AWS::Partition}:iam::aws:policy/service-role/AWSLambdaBasicExecutionRole",
          },
        ],
      },
      "Type": "AWS::IAM::Role",
    },
    "FlockAuthorizerF81E6495": {
      "Properties": {
        "IdentitySource": "method.request.header.Authorization",
        "Name": "flock-cognito-auth",
        "ProviderARNs": [
          {
            "Fn::GetAtt": [
              "FlockUserPool4E9292FD",
              "Arn",
            ],
          },
        ],
        "RestApiId": {
          "Ref": "AgaApiECA55998",
        },
        "Type": "COGNITO_USER_POOLS",
      },
      "Type": "AWS::ApiGateway::Authorizer",
    },
    "FlockUserPool4E9292FD": {
      "DeletionPolicy": "Delete",
      "Properties": {
        "AccountRecoverySetting": {
          "RecoveryMechanisms": [
            {
              "Name": "verified_phone_number",
              "Priority": 1,
            },
            {
              "Name": "verified_email",
              "Priority": 2,
            },
          ],
        },
        "AdminCreateUserConfig": {
          "AllowAdminCreateUserOnly": true,
        },
        "EmailVerificationMessage": "The verification code to your new account is {####}",
        "EmailVerificationSubject": "Verify your new account",
        "Policies": {
          "PasswordPolicy": {
            "MinimumLength": 8,
            "RequireNumbers": true,
            "RequireSymbols": false,
            "RequireUppercase": true,
          },
        },
        "SmsVerificationMessage": "The verification code to your new account is {####}",
        "UserPoolName": "kiro-flock-users",
        "VerificationMessageTemplate": {
          "DefaultEmailOption": "CONFIRM_WITH_CODE",
          "EmailMessage": "The verification code to your new account is {####}",
          "EmailSubject": "Verify your new account",
          "SmsMessage": "The verification code to your new account is {####}",
        },
      },
      "Type": "AWS::Cognito::UserPool",
      "UpdateReplacePolicy": "Delete",
    },
    "FlockUserPoolFlockDashboardClient6C0C5EA4": {
      "Properties": {
        "AllowedOAuthFlows": [
          "implicit",
        ],
        "AllowedOAuthFlowsUserPoolClient": true,
        "AllowedOAuthScopes": [
          "openid",
        ],
        "CallbackURLs": [
          "https://localhost/callback",
        ],
        "ClientName": "flock-dashboard",
        "ExplicitAuthFlows": [
          "ALLOW_USER_SRP_AUTH",
          "ALLOW_REFRESH_TOKEN_AUTH",
        ],
        "GenerateSecret": false,
        "LogoutURLs": [
          "https://localhost/",
        ],
        "PreventUserExistenceErrors": "ENABLED",
        "SupportedIdentityProviders": [
          "COGNITO",
        ],
        "UserPoolId": {
          "Ref": "FlockUserPool4E9292FD",
        },
      },
      "Type": "AWS::Cognito::UserPoolClient",
    },
    "FlockUserPoolFlockDomainE001FB0B": {
      "Properties": {
        "Domain": {
          "Fn::Join": [
            "",
            [
              "kiro-flock-",
              {
                "Ref": "AWS::AccountId",
              },
            ],
          ],
        },
        "UserPoolId": {
          "Ref": "FlockUserPool4E9292FD",
        },
      },
      "Type": "AWS::Cognito::UserPoolDomain",
    },
    "IncubatorFnFAAFDF21": {
      "DependsOn": [
        "IncubatorFnServiceRoleDefaultPolicyC45DD38D",
        "IncubatorFnServiceRoleCE010EDA",
      ],
      "Properties": {
        "Code": {
          "S3Bucket": "cdk-hnb659fds-assets-123456789012-us-east-1",
          "S3Key": "d62cccd15c4adab340254dd0ad93789f4a10daec6bb1531c52907e242aa1fd77.zip",
        },
        "Environment": {
          "Variables": {
            "AMI_ID": {
              "Ref": "SsmParameterValueawsserviceamiamazonlinuxlatestal2023amikernel61arm64C96584B6F00A464EAD1953AFF4B05118Parameter",
            },
            "BUCKET_NAME": {
              "Ref": "AgaBucket04B409DE",
            },
            "CONCURRENCY_CAP": "64",
            "INSTANCE_PROFILE_ARN": {
              "Fn::GetAtt": [
                "AgentInstanceProfile",
                "Arn",
              ],
            },
            "SECURITY_GROUP_ID": {
              "Fn::GetAtt": [
                "AgentSgFB5F95F0",
                "GroupId",
              ],
            },
            "SUBNET_ID": {
              "Ref": "AgaVpcpublicSubnet1Subnet1BA48B9A",
            },
          },
        },
        "Handler": "index.handler",
        "Role": {
          "Fn::GetAtt": [
            "IncubatorFnServiceRoleCE010EDA",
            "Arn",
          ],
        },
        "Runtime": "nodejs20.x",
        "Timeout": 30,
      },
      "Type": "AWS::Lambda::Function",
    },
    "IncubatorFnServiceRoleCE010EDA": {
      "Properties": {
        "AssumeRolePolicyDocument": {
          "Statement": [
            {
              "Action": "sts:AssumeRole",
              "Effect": "Allow",
              "Principal": {
                "Service": "lambda.amazonaws.com",
              },
            },
          ],
          "Version": "2012-10-17",
        },
        "ManagedPolicyArns": [
          {
            "Fn::Join": [
              "",
              [
                "arn:",
                {
                  "Ref": "AWS::Partition",
                },
                ":iam::aws:policy/service-role/AWSLambdaBasicExecutionRole",
              ],
            ],
          },
        ],
      },
      "Type": "AWS::IAM::Role",
    },
    "IncubatorFnServiceRoleDefaultPolicyC45DD38D": {
      "Properties": {
        "PolicyDocument": {
          "Statement": [
            {
              "Action": [
                "s3:GetObject*",
                "s3:GetBucket*",
                "s3:List*",
                "s3:DeleteObject*",
                "s3:PutObject",
                "s3:PutObjectLegalHold",
                "s3:PutObjectRetention",
                "s3:PutObjectTagging",
                "s3:PutObjectVersionTagging",
                "s3:Abort*",
              ],
              "Effect": "Allow",
              "Resource": [
                {
                  "Fn::GetAtt": [
                    "AgaBucket04B409DE",
                    "Arn",
                  ],
                },
                {
                  "Fn::Join": [
                    "",
                    [
                      {
                        "Fn::GetAtt": [
                          "AgaBucket04B409DE",
                          "Arn",
                        ],
                      },
                      "/*",
                    ],
                  ],
                },
              ],
            },
            {
              "Action": "ec2:RunInstances",
              "Condition": {
                "StringLike": {
                  "ec2:InstanceType": [
                    "t*g.*",
                    "c*g.*",
                    "m*g.*",
                    "r*g.*",
                  ],
                },
              },
              "Effect": "Allow",
              "Resource": "arn:aws:ec2:*:123456789012:instance/*",
            },
            {
              "Action": "ec2:RunInstances",
              "Effect": "Allow",
              "Resource": [
                "arn:aws:ec2:*:123456789012:volume/*",
                "arn:aws:ec2:*:123456789012:network-interface/*",
                "arn:aws:ec2:*:123456789012:security-group/*",
                "arn:aws:ec2:*:123456789012:subnet/*",
                "arn:aws:ec2:*::image/*",
                "arn:aws:ec2:*:123456789012:key-pair/*",
              ],
            },
            {
              "Action": [
                "ec2:DescribeInstances",
                "ec2:DescribeInstanceTypes",
                "ec2:CreateTags",
              ],
              "Effect": "Allow",
              "Resource": "*",
            },
            {
              "Action": "ec2:TerminateInstances",
              "Condition": {
                "StringEquals": {
                  "aws:ResourceTag/Project": "kiro-flock",
                },
              },
              "Effect": "Allow",
              "Resource": "arn:aws:ec2:*:123456789012:instance/*",
            },
            {
              "Action": "cloudwatch:GetMetricData",
              "Effect": "Allow",
              "Resource": "*",
            },
            {
              "Action": "iam:PassRole",
              "Effect": "Allow",
              "Resource": {
                "Fn::GetAtt": [
                  "AgentRoleF4A42D6B",
                  "Arn",
                ],
              },
            },
            {
              "Action": "servicequotas:GetServiceQuota",
              "Effect": "Allow",
              "Resource": "*",
            },
          ],
          "Version": "2012-10-17",
        },
        "PolicyName": "IncubatorFnServiceRoleDefaultPolicyC45DD38D",
        "Roles": [
          {
            "Ref": "IncubatorFnServiceRoleCE010EDA",
          },
        ],
      },
      "Type": "AWS::IAM::Policy",
    },
    "SeedConfigAwsCliLayer6FFFB528": {
      "Properties": {
        "Content": {
          "S3Bucket": "cdk-hnb659fds-assets-123456789012-us-east-1",
          "S3Key": "e2659170a0721541efa761a8d5d04d5e36cbbf691c4b15a9053002b7c825055d.zip",
        },
        "Description": "/opt/awscli/aws",
      },
      "Type": "AWS::Lambda::LayerVersion",
    },
    "SeedConfigCustomResource4CA6B68E": {
      "DeletionPolicy": "Delete",
      "Properties": {
        "DestinationBucketName": {
          "Ref": "AgaBucket04B409DE",
        },
        "OutputObjectKeys": true,
        "Prune": false,
        "ServiceToken": {
          "Fn::GetAtt": [
            "CustomCDKBucketDeployment8693BB64968944B69AAFB0CC9EB8756C81C01536",
            "Arn",
          ],
        },
        "SourceBucketNames": [
          "cdk-hnb659fds-assets-123456789012-us-east-1",
        ],
        "SourceMarkers": [
          {},
        ],
        "SourceMarkersConfig": [
          {},
        ],
        "SourceObjectKeys": [
          "a2b4bbf080202236668d32c713ca42a60e41c836d9988d86062aaa4cb2b1b4c4.zip",
        ],
        "WaitForDistributionInvalidation": true,
      },
      "Type": "Custom::CDKBucketDeployment",
      "UpdateReplacePolicy": "Delete",
    },
    "WebAcl": {
      "Properties": {
        "DefaultAction": {
          "Block": {},
        },
        "Name": "aga-web-acl",
        "Rules": [
          {
            "Action": {
              "Allow": {},
            },
            "Name": "AllowFromIpSet",
            "Priority": 0,
            "Statement": {
              "IPSetReferenceStatement": {
                "Arn": {
                  "Fn::GetAtt": [
                    "AllowedIps",
                    "Arn",
                  ],
                },
              },
            },
            "VisibilityConfig": {
              "CloudWatchMetricsEnabled": false,
              "MetricName": "aga-allow-ip",
              "SampledRequestsEnabled": false,
            },
          },
        ],
        "Scope": "REGIONAL",
        "VisibilityConfig": {
          "CloudWatchMetricsEnabled": false,
          "MetricName": "aga-web-acl",
          "SampledRequestsEnabled": false,
        },
      },
      "Type": "AWS::WAFv2::WebACL",
    },
    "WebAclAssociation": {
      "Properties": {
        "ResourceArn": {
          "Fn::Join": [
            "",
            [
              "arn:aws:apigateway:us-east-1::/restapis/",
              {
                "Ref": "AgaApiECA55998",
              },
              "/stages/",
              {
                "Ref": "AgaApiDeploymentStageprod23DBF67F",
              },
            ],
          ],
        },
        "WebACLArn": {
          "Fn::GetAtt": [
            "WebAcl",
            "Arn",
          ],
        },
      },
      "Type": "AWS::WAFv2::WebACLAssociation",
    },
    "WebAssetsAwsCliLayer03AEC64C": {
      "Properties": {
        "Content": {
          "S3Bucket": "cdk-hnb659fds-assets-123456789012-us-east-1",
          "S3Key": "e2659170a0721541efa761a8d5d04d5e36cbbf691c4b15a9053002b7c825055d.zip",
        },
        "Description": "/opt/awscli/aws",
      },
      "Type": "AWS::Lambda::LayerVersion",
    },
    "WebAssetsCustomResource15DE8476": {
      "DeletionPolicy": "Delete",
      "Properties": {
        "DestinationBucketKeyPrefix": "web",
        "DestinationBucketName": {
          "Ref": "AgaBucket04B409DE",
        },
        "OutputObjectKeys": true,
        "Prune": false,
        "ServiceToken": {
          "Fn::GetAtt": [
            "CustomCDKBucketDeployment8693BB64968944B69AAFB0CC9EB8756C81C01536",
            "Arn",
          ],
        },
        "SourceBucketNames": [
          "cdk-hnb659fds-assets-123456789012-us-east-1",
        ],
        "SourceObjectKeys": [
          "cd2b610d61b6bb268aa33182721561638c89763918d9bf10c016d10ab9bd0a5a.zip",
        ],
        "WaitForDistributionInvalidation": true,
      },
      "Type": "Custom::CDKBucketDeployment",
      "UpdateReplacePolicy": "Delete",
    },
  },
  "Rules": {
    "CheckBootstrapVersion": {
      "Assertions": [
        {
          "Assert": {
            "Fn::Not": [
              {
                "Fn::Contains": [
                  [
                    "1",
                    "2",
                    "3",
                    "4",
                    "5",
                  ],
                  {
                    "Ref": "BootstrapVersion",
                  },
                ],
              },
            ],
          },
          "AssertDescription": "CDK bootstrap stack version 6 required. Please run 'cdk bootstrap' with a recent version of the CDK CLI.",
        },
      ],
    },
  },
}
`;
